// Jest Snapshot v1, https://goo.gl/fbAQLP

exports[`Home render component 1`] = `
<div>
  <nav
    class="MuiPaper-root MuiPaper-elevation MuiPaper-elevation4 MuiAppBar-root MuiAppBar-colorTransparent MuiAppBar-positionFixed menu-box z-10 mui-fixed css-1dr6cue-MuiPaper-root-MuiAppBar-root"
  >
    <div
      class="MuiContainer-root MuiContainer-maxWidthLg css-1oqqzyl-MuiContainer-root"
    >
      <div
        class="MuiToolbar-root MuiToolbar-gutters MuiToolbar-regular items-center css-hyum1k-MuiToolbar-root"
      >
        <div
          class="MuiBox-root css-1ebprri"
        >
          <a
            class="MuiTypography-root MuiTypography-body1 menu-header-logo css-ahj2mt-MuiTypography-root"
            href="/"
          >
            <img
              alt="Icon from website"
              class="inline-block"
              data-nimg="1"
              decoding="async"
              height="62"
              loading="lazy"
              src="/_next/image?url=%2Fimages%2Flogo%2Flogo.png&w=128&q=75"
              srcset="/_next/image?url=%2Fimages%2Flogo%2Flogo.png&w=64&q=75 1x, /_next/image?url=%2Fimages%2Flogo%2Flogo.png&w=128&q=75 2x"
              style="color: transparent;"
              width="62"
            />
            <div
              class="MuiBox-root css-0"
            >
              <img
                alt="MarcoSilva"
                class="inline-block"
                data-nimg="1"
                decoding="async"
                height="28.75"
                loading="lazy"
                src="/_next/image?url=%2Fimages%2Flogo%2FMarcoSilva.png&w=256&q=75"
                srcset="/_next/image?url=%2Fimages%2Flogo%2FMarcoSilva.png&w=128&q=75 1x, /_next/image?url=%2Fimages%2Flogo%2FMarcoSilva.png&w=256&q=75 2x"
                style="color: transparent;"
                width="115"
              />
              <img
                alt="globe"
                class="inline-block"
                data-nimg="1"
                decoding="async"
                height="18"
                id="menu-globe"
                loading="lazy"
                src="/_next/image?url=%2Fimages%2Flogo%2Fglobo-language-pink.png&w=48&q=75"
                srcset="/_next/image?url=%2Fimages%2Flogo%2Fglobo-language-pink.png&w=32&q=75 1x, /_next/image?url=%2Fimages%2Flogo%2Fglobo-language-pink.png&w=48&q=75 2x"
                style="color: transparent;"
                width="18"
              />
              <img
                alt="DEV"
                class="inline-block"
                data-nimg="1"
                decoding="async"
                height="24"
                loading="lazy"
                src="/_next/image?url=%2Fimages%2Flogo%2FDEV.png&w=96&q=75"
                srcset="/_next/image?url=%2Fimages%2Flogo%2FDEV.png&w=48&q=75 1x, /_next/image?url=%2Fimages%2Flogo%2FDEV.png&w=96&q=75 2x"
                style="color: transparent;"
                width="36"
              />
            </div>
          </a>
        </div>
        <div
          class="MuiBox-root css-i9gxme"
        />
        <div
          class="MuiBox-root css-1guk29"
        >
          <a
            class="MuiButtonBase-root MuiButton-root MuiButton-text MuiButton-textWarning MuiButton-sizeLarge MuiButton-textSizeLarge MuiButton-colorWarning MuiButton-root MuiButton-text MuiButton-textWarning MuiButton-sizeLarge MuiButton-textSizeLarge MuiButton-colorWarning css-167jgvp-MuiButtonBase-root-MuiButton-root"
            href="/#header-hello"
            tabindex="0"
          >
            Ínicio
            <span
              class="MuiTouchRipple-root css-8je8zh-MuiTouchRipple-root"
            />
          </a>
          <a
            class="MuiButtonBase-root MuiButton-root MuiButton-text MuiButton-textWarning MuiButton-sizeLarge MuiButton-textSizeLarge MuiButton-colorWarning MuiButton-root MuiButton-text MuiButton-textWarning MuiButton-sizeLarge MuiButton-textSizeLarge MuiButton-colorWarning css-167jgvp-MuiButtonBase-root-MuiButton-root"
            href="/#section-projects"
            tabindex="0"
          >
            Projetos
            <span
              class="MuiTouchRipple-root css-8je8zh-MuiTouchRipple-root"
            />
          </a>
          <a
            class="MuiButtonBase-root MuiButton-root MuiButton-text MuiButton-textWarning MuiButton-sizeLarge MuiButton-textSizeLarge MuiButton-colorWarning MuiButton-root MuiButton-text MuiButton-textWarning MuiButton-sizeLarge MuiButton-textSizeLarge MuiButton-colorWarning css-167jgvp-MuiButtonBase-root-MuiButton-root"
            href="/#section-aboutme"
            tabindex="0"
          >
            Sobre Mim
            <span
              class="MuiTouchRipple-root css-8je8zh-MuiTouchRipple-root"
            />
          </a>
        </div>
        <div
          class="MuiBox-root css-i9gxme"
        />
        <div
          class="MuiBox-root css-rntpfg"
        >
          <button
            class="MuiButtonBase-root MuiButton-root MuiButton-contained MuiButton-containedWarning MuiButton-sizeLarge MuiButton-containedSizeLarge MuiButton-colorWarning MuiButton-root MuiButton-contained MuiButton-containedWarning MuiButton-sizeLarge MuiButton-containedSizeLarge MuiButton-colorWarning css-3q90oy-MuiButtonBase-root-MuiButton-root"
            tabindex="0"
            type="button"
          >
            Fale Comigo
            <span
              class="MuiTouchRipple-root css-8je8zh-MuiTouchRipple-root"
            />
          </button>
        </div>
      </div>
    </div>
  </nav>
  <header
    class="relative box-section background-header-hello MuiBox-root css-0"
    id="header-hello"
  >
    <div
      class="MuiContainer-root MuiContainer-maxWidthLg lg:pt-0 min-h-screen grid grid-cols-1 md:grid-cols-12 gap-5 pt-[97px] css-1oqqzyl-MuiContainer-root"
    >
      <div
        class="absolute top-1/2 -translate-y-1/2 p-3 MuiBox-root css-0"
      >
        <h1
          class="MuiTypography-root MuiTypography-h1 css-1bjj5c8-MuiTypography-root"
        >
          Bem-vindo(a) ao meu portifólio
        </h1>
        <img
          alt="DEV"
          class="my-0 mx-auto lg:mx-0"
          data-nimg="1"
          decoding="async"
          height="178"
          loading="lazy"
          src="/_next/image?url=%2Fimages%2Fheaders%2FTitle.png&w=1920&q=75"
          srcset="/_next/image?url=%2Fimages%2Fheaders%2FTitle.png&w=750&q=75 1x, /_next/image?url=%2Fimages%2Fheaders%2FTitle.png&w=1920&q=75 2x"
          style="color: transparent; padding-top: 1.2rem; padding-bottom: .1rem;"
          width="720"
        />
        <h1
          class="MuiTypography-root MuiTypography-h1 css-16oyh1c-MuiTypography-root"
        >
          Desenvolvedor de Software
        </h1>
        <p
          class="MuiTypography-root MuiTypography-body1 css-1k3967a-MuiTypography-root"
        >
          "
          As pessoas não sabem o que querem, até mostrarmos a elas.
          "
           
          <br />
            - Steve Jobs
        </p>
        <hr
          class="MuiDivider-root MuiDivider-fullWidth css-1d8yb6s-MuiDivider-root"
          color="ffc409"
        />
        <div
          class="flex gap-4 flex-col md:flex-row md:w-[60%] MuiBox-root css-0"
        >
          <button
            class="MuiButtonBase-root MuiButton-root MuiButton-contained MuiButton-containedInherit MuiButton-sizeMedium MuiButton-containedSizeMedium MuiButton-colorInherit MuiButton-root MuiButton-contained MuiButton-containedInherit MuiButton-sizeMedium MuiButton-containedSizeMedium MuiButton-colorInherit css-z9x85-MuiButtonBase-root-MuiButton-root"
            tabindex="0"
            type="button"
          >
            <span
              style="text-shadow: 2px 2px 4px rgba(0, 0, 0, 0.35);"
            >
              Diga-me olá
            </span>
            <span
              class="MuiTouchRipple-root css-8je8zh-MuiTouchRipple-root"
            />
          </button>
          <a
            class="MuiButtonBase-root MuiButton-root MuiButton-text MuiButton-textInherit MuiButton-sizeMedium MuiButton-textSizeMedium MuiButton-colorInherit MuiButton-root MuiButton-text MuiButton-textInherit MuiButton-sizeMedium MuiButton-textSizeMedium MuiButton-colorInherit css-1lfrypw-MuiButtonBase-root-MuiButton-root"
            href="/#section-projects"
            tabindex="0"
          >
            <span
              style="text-shadow: 2px 2px 4px rgba(0, 0, 0, 0.35);"
            >
              Meus projetos
            </span>
            <svg
              aria-hidden="true"
              class="MuiSvgIcon-root MuiSvgIcon-fontSizeMedium css-i4bv87-MuiSvgIcon-root"
              data-testid="CallMadeOutlinedIcon"
              focusable="false"
              viewBox="0 0 24 24"
            >
              <path
                d="M9 5v2h6.59L4 18.59 5.41 20 17 8.41V15h2V5z"
              />
            </svg>
            <span
              class="MuiTouchRipple-root css-8je8zh-MuiTouchRipple-root"
            />
          </a>
        </div>
      </div>
      <img
        alt="illustrated image from myself"
        class="block fixed bottom-0 left-0 h-auto md:w-[70%] -z-10"
        decoding="async"
        loading="lazy"
        src="/images/headers/Laptop.png"
      />
      <img
        alt="illustrated image from myself"
        class="fixed bottom-0 right-0 h-auto w-[130vh] sm:w-[80vw] sm:translate-x-[8rem] md:w-[60vw] 2xl:w-[40vw] translate-x-[150px] md:translate-x-0 -z-10"
        decoding="async"
        loading="lazy"
        src="/images/headers/me.png"
      />
    </div>
  </header>
  <article
    class="MuiBox-root css-0"
  >
    <section
      class="relative box-section background-projects MuiBox-root css-0"
      id="section-projects"
    >
      <div
        class="MuiContainer-root MuiContainer-maxWidthLg min-h-screen pt-[97px] css-1oqqzyl-MuiContainer-root"
      >
        <h2
          class="MuiTypography-root MuiTypography-h2 MuiTypography-alignLeft section-projects-title css-1266hwt-MuiTypography-root"
        >
          #Meus Projetos
        </h2>
        <p
          class="MuiTypography-root MuiTypography-body1 css-lz8ca2-MuiTypography-root"
        >
          Uma coleção de projetos feitos por mim.
        </p>
        <div
          class="grid p-4 grid-cols-1 md:grid-cols-2 lg:grid-cols-3 gap-2.5 MuiBox-root css-0"
        >
          <div
            class="MuiBox-root css-0"
          >
            <div
              class="project-card h-full relative hover:border-yellow-200 hover:border hover:-translate-y-[3px] transition-all duration-200 hover:shadow-lg MuiBox-root css-vcocbw"
            >
              <h6
                class="MuiTypography-root MuiTypography-h6 project-card-title css-2ulfj5-MuiTypography-root"
              >
                MHPasswordManager
              </h6>
              <p
                class="MuiTypography-root MuiTypography-body1 css-ahj2mt-MuiTypography-root"
              >
                Conjunto de aplicações para armazenar e criptografar senhas e arquivos utilizando par de chaves e validações
              </p>
              <div
                class="project-card-tags pb-8 MuiBox-root css-0"
              >
                <span
                  class="project-card-tag"
                >
                   
                  Spring Boot
                   
                </span>
                <span
                  class="project-card-tag"
                >
                   
                  Spring Cloud
                   
                </span>
                <span
                  class="project-card-tag"
                >
                   
                  OAuth2
                   
                </span>
                <span
                  class="project-card-tag"
                >
                   
                  RabbitMQ
                   
                </span>
                <span
                  class="project-card-tag"
                >
                   
                  Postgres
                   
                </span>
                <span
                  class="project-card-tag"
                >
                   
                  Mongo
                   
                </span>
                <span
                  class="project-card-tag"
                >
                   
                  Redis
                   
                </span>
              </div>
              <div
                class="my-4 absolute bottom-0 MuiBox-root css-0"
              >
                <a
                  class="MuiButtonBase-root MuiIconButton-root MuiIconButton-sizeMedium css-1drgtl0-MuiButtonBase-root-MuiIconButton-root"
                  href="https://github.com/marcoshssilva/MHPasswordManager"
                  tabindex="0"
                  target="_blank"
                >
                  <svg
                    aria-hidden="true"
                    class="MuiSvgIcon-root MuiSvgIcon-fontSizeMedium css-i4bv87-MuiSvgIcon-root"
                    data-testid="GitHubIcon"
                    focusable="false"
                    viewBox="0 0 24 24"
                  >
                    <path
                      d="M12 1.27a11 11 0 00-3.48 21.46c.55.09.73-.28.73-.55v-1.84c-3.03.64-3.67-1.46-3.67-1.46-.55-1.29-1.28-1.65-1.28-1.65-.92-.65.1-.65.1-.65 1.1 0 1.73 1.1 1.73 1.1.92 1.65 2.57 1.2 3.21.92a2 2 0 01.64-1.47c-2.47-.27-5.04-1.19-5.04-5.5 0-1.1.46-2.1 1.2-2.84a3.76 3.76 0 010-2.93s.91-.28 3.11 1.1c1.8-.49 3.7-.49 5.5 0 2.1-1.38 3.02-1.1 3.02-1.1a3.76 3.76 0 010 2.93c.83.74 1.2 1.74 1.2 2.94 0 4.21-2.57 5.13-5.04 5.4.45.37.82.92.82 2.02v3.03c0 .27.1.64.73.55A11 11 0 0012 1.27"
                    />
                  </svg>
                  <span
                    class="MuiTouchRipple-root css-8je8zh-MuiTouchRipple-root"
                  />
                </a>
              </div>
            </div>
          </div>
          <div
            class="MuiBox-root css-0"
          >
            <div
              class="project-card h-full relative hover:border-yellow-200 hover:border hover:-translate-y-[3px] transition-all duration-200 hover:shadow-lg MuiBox-root css-vcocbw"
            >
              <h6
                class="MuiTypography-root MuiTypography-h6 project-card-title css-2ulfj5-MuiTypography-root"
              >
                Azure Client-AI
              </h6>
              <p
                class="MuiTypography-root MuiTypography-body1 css-ahj2mt-MuiTypography-root"
              >
                Serviço API REST que comunica com modelos do serviço Azure OpenAI e permite geração de imagens e prompts
              </p>
              <div
                class="project-card-tags pb-8 MuiBox-root css-0"
              >
                <span
                  class="project-card-tag"
                >
                   
                  SpringBoot
                   
                </span>
                <span
                  class="project-card-tag"
                >
                   
                  Azure
                   
                </span>
                <span
                  class="project-card-tag"
                >
                   
                  OpenAI
                   
                </span>
                <span
                  class="project-card-tag"
                >
                   
                  Spring AI
                   
                </span>
              </div>
              <div
                class="my-4 absolute bottom-0 MuiBox-root css-0"
              >
                <a
                  class="MuiButtonBase-root MuiIconButton-root MuiIconButton-sizeMedium css-1drgtl0-MuiButtonBase-root-MuiIconButton-root"
                  href="https://github.com/marcoshssilva/client-ai"
                  tabindex="0"
                  target="_blank"
                >
                  <svg
                    aria-hidden="true"
                    class="MuiSvgIcon-root MuiSvgIcon-fontSizeMedium css-i4bv87-MuiSvgIcon-root"
                    data-testid="GitHubIcon"
                    focusable="false"
                    viewBox="0 0 24 24"
                  >
                    <path
                      d="M12 1.27a11 11 0 00-3.48 21.46c.55.09.73-.28.73-.55v-1.84c-3.03.64-3.67-1.46-3.67-1.46-.55-1.29-1.28-1.65-1.28-1.65-.92-.65.1-.65.1-.65 1.1 0 1.73 1.1 1.73 1.1.92 1.65 2.57 1.2 3.21.92a2 2 0 01.64-1.47c-2.47-.27-5.04-1.19-5.04-5.5 0-1.1.46-2.1 1.2-2.84a3.76 3.76 0 010-2.93s.91-.28 3.11 1.1c1.8-.49 3.7-.49 5.5 0 2.1-1.38 3.02-1.1 3.02-1.1a3.76 3.76 0 010 2.93c.83.74 1.2 1.74 1.2 2.94 0 4.21-2.57 5.13-5.04 5.4.45.37.82.92.82 2.02v3.03c0 .27.1.64.73.55A11 11 0 0012 1.27"
                    />
                  </svg>
                  <span
                    class="MuiTouchRipple-root css-8je8zh-MuiTouchRipple-root"
                  />
                </a>
              </div>
            </div>
          </div>
          <div
            class="MuiBox-root css-0"
          >
            <div
              class="project-card h-full relative hover:border-yellow-200 hover:border hover:-translate-y-[3px] transition-all duration-200 hover:shadow-lg MuiBox-root css-vcocbw"
            >
              <h6
                class="MuiTypography-root MuiTypography-h6 project-card-title css-2ulfj5-MuiTypography-root"
              >
                AppRegistra Notas
              </h6>
              <p
                class="MuiTypography-root MuiTypography-body1 css-ahj2mt-MuiTypography-root"
              >
                Aplicativo mobile para guardar notas de forma sincronizada em nuvem utilizando Firebase e autenticador Google
              </p>
              <div
                class="project-card-tags pb-8 MuiBox-root css-0"
              >
                <span
                  class="project-card-tag"
                >
                   
                  React Native
                   
                </span>
                <span
                  class="project-card-tag"
                >
                   
                  Android
                   
                </span>
                <span
                  class="project-card-tag"
                >
                   
                  Firebase
                   
                </span>
                <span
                  class="project-card-tag"
                >
                   
                  Google Auth
                   
                </span>
              </div>
              <div
                class="my-4 absolute bottom-0 MuiBox-root css-0"
              >
                <a
                  class="MuiButtonBase-root MuiIconButton-root MuiIconButton-sizeMedium css-1drgtl0-MuiButtonBase-root-MuiIconButton-root"
                  href="https://github.com/marcoshssilva/app-registranotas-react-native"
                  tabindex="0"
                  target="_blank"
                >
                  <svg
                    aria-hidden="true"
                    class="MuiSvgIcon-root MuiSvgIcon-fontSizeMedium css-i4bv87-MuiSvgIcon-root"
                    data-testid="GitHubIcon"
                    focusable="false"
                    viewBox="0 0 24 24"
                  >
                    <path
                      d="M12 1.27a11 11 0 00-3.48 21.46c.55.09.73-.28.73-.55v-1.84c-3.03.64-3.67-1.46-3.67-1.46-.55-1.29-1.28-1.65-1.28-1.65-.92-.65.1-.65.1-.65 1.1 0 1.73 1.1 1.73 1.1.92 1.65 2.57 1.2 3.21.92a2 2 0 01.64-1.47c-2.47-.27-5.04-1.19-5.04-5.5 0-1.1.46-2.1 1.2-2.84a3.76 3.76 0 010-2.93s.91-.28 3.11 1.1c1.8-.49 3.7-.49 5.5 0 2.1-1.38 3.02-1.1 3.02-1.1a3.76 3.76 0 010 2.93c.83.74 1.2 1.74 1.2 2.94 0 4.21-2.57 5.13-5.04 5.4.45.37.82.92.82 2.02v3.03c0 .27.1.64.73.55A11 11 0 0012 1.27"
                    />
                  </svg>
                  <span
                    class="MuiTouchRipple-root css-8je8zh-MuiTouchRipple-root"
                  />
                </a>
              </div>
            </div>
          </div>
          <div
            class="MuiBox-root css-0"
          >
            <div
              class="project-card h-full relative hover:border-yellow-200 hover:border hover:-translate-y-[3px] transition-all duration-200 hover:shadow-lg MuiBox-root css-vcocbw"
            >
              <h6
                class="MuiTypography-root MuiTypography-h6 project-card-title css-2ulfj5-MuiTypography-root"
              >
                Global-Library
              </h6>
              <p
                class="MuiTypography-root MuiTypography-body1 css-ahj2mt-MuiTypography-root"
              >
                Conjunto de funções escritas em Groovy script para Jenkins
              </p>
              <div
                class="project-card-tags pb-8 MuiBox-root css-0"
              >
                <span
                  class="project-card-tag"
                >
                   
                  Groovy
                   
                </span>
                <span
                  class="project-card-tag"
                >
                   
                  Jenkins CI/CD
                   
                </span>
              </div>
              <div
                class="my-4 absolute bottom-0 MuiBox-root css-0"
              >
                <a
                  class="MuiButtonBase-root MuiIconButton-root MuiIconButton-sizeMedium css-1drgtl0-MuiButtonBase-root-MuiIconButton-root"
                  href="https://github.com/marcoshssilva/global-library"
                  tabindex="0"
                  target="_blank"
                >
                  <svg
                    aria-hidden="true"
                    class="MuiSvgIcon-root MuiSvgIcon-fontSizeMedium css-i4bv87-MuiSvgIcon-root"
                    data-testid="GitHubIcon"
                    focusable="false"
                    viewBox="0 0 24 24"
                  >
                    <path
                      d="M12 1.27a11 11 0 00-3.48 21.46c.55.09.73-.28.73-.55v-1.84c-3.03.64-3.67-1.46-3.67-1.46-.55-1.29-1.28-1.65-1.28-1.65-.92-.65.1-.65.1-.65 1.1 0 1.73 1.1 1.73 1.1.92 1.65 2.57 1.2 3.21.92a2 2 0 01.64-1.47c-2.47-.27-5.04-1.19-5.04-5.5 0-1.1.46-2.1 1.2-2.84a3.76 3.76 0 010-2.93s.91-.28 3.11 1.1c1.8-.49 3.7-.49 5.5 0 2.1-1.38 3.02-1.1 3.02-1.1a3.76 3.76 0 010 2.93c.83.74 1.2 1.74 1.2 2.94 0 4.21-2.57 5.13-5.04 5.4.45.37.82.92.82 2.02v3.03c0 .27.1.64.73.55A11 11 0 0012 1.27"
                    />
                  </svg>
                  <span
                    class="MuiTouchRipple-root css-8je8zh-MuiTouchRipple-root"
                  />
                </a>
              </div>
            </div>
          </div>
          <div
            class="MuiBox-root css-0"
          >
            <div
              class="project-card h-full relative hover:border-yellow-200 hover:border hover:-translate-y-[3px] transition-all duration-200 hover:shadow-lg MuiBox-root css-vcocbw"
            >
              <h6
                class="MuiTypography-root MuiTypography-h6 project-card-title css-2ulfj5-MuiTypography-root"
              >
                Nexus3 Helm
              </h6>
              <p
                class="MuiTypography-root MuiTypography-body1 css-ahj2mt-MuiTypography-root"
              >
                Helm para facilitar deploy do Nexus3 Artifact Registry em ambiente Kubernetes
              </p>
              <div
                class="project-card-tags pb-8 MuiBox-root css-0"
              >
                <span
                  class="project-card-tag"
                >
                   
                  Helm
                   
                </span>
                <span
                  class="project-card-tag"
                >
                   
                  Kubernetes
                   
                </span>
              </div>
              <div
                class="my-4 absolute bottom-0 MuiBox-root css-0"
              >
                <a
                  class="MuiButtonBase-root MuiIconButton-root MuiIconButton-sizeMedium css-1drgtl0-MuiButtonBase-root-MuiIconButton-root"
                  href="https://github.com/marcoshssilva/nexus3-kubernetes"
                  tabindex="0"
                  target="_blank"
                >
                  <svg
                    aria-hidden="true"
                    class="MuiSvgIcon-root MuiSvgIcon-fontSizeMedium css-i4bv87-MuiSvgIcon-root"
                    data-testid="GitHubIcon"
                    focusable="false"
                    viewBox="0 0 24 24"
                  >
                    <path
                      d="M12 1.27a11 11 0 00-3.48 21.46c.55.09.73-.28.73-.55v-1.84c-3.03.64-3.67-1.46-3.67-1.46-.55-1.29-1.28-1.65-1.28-1.65-.92-.65.1-.65.1-.65 1.1 0 1.73 1.1 1.73 1.1.92 1.65 2.57 1.2 3.21.92a2 2 0 01.64-1.47c-2.47-.27-5.04-1.19-5.04-5.5 0-1.1.46-2.1 1.2-2.84a3.76 3.76 0 010-2.93s.91-.28 3.11 1.1c1.8-.49 3.7-.49 5.5 0 2.1-1.38 3.02-1.1 3.02-1.1a3.76 3.76 0 010 2.93c.83.74 1.2 1.74 1.2 2.94 0 4.21-2.57 5.13-5.04 5.4.45.37.82.92.82 2.02v3.03c0 .27.1.64.73.55A11 11 0 0012 1.27"
                    />
                  </svg>
                  <span
                    class="MuiTouchRipple-root css-8je8zh-MuiTouchRipple-root"
                  />
                </a>
              </div>
            </div>
          </div>
          <div
            class="MuiBox-root css-0"
          >
            <div
              class="project-card h-full relative hover:border-yellow-200 hover:border hover:-translate-y-[3px] transition-all duration-200 hover:shadow-lg MuiBox-root css-vcocbw"
            >
              <h6
                class="MuiTypography-root MuiTypography-h6 project-card-title css-2ulfj5-MuiTypography-root"
              >
                Docker Jenkins Agent
              </h6>
              <p
                class="MuiTypography-root MuiTypography-body1 css-ahj2mt-MuiTypography-root"
              >
                Container editado com Docker CLI pré-instalado, ambos, SSH Agent e Inbound Agent
              </p>
              <div
                class="project-card-tags pb-8 MuiBox-root css-0"
              >
                <span
                  class="project-card-tag"
                >
                   
                  Docker
                   
                </span>
              </div>
              <div
                class="my-4 absolute bottom-0 MuiBox-root css-0"
              >
                <a
                  class="MuiButtonBase-root MuiIconButton-root MuiIconButton-sizeMedium css-1drgtl0-MuiButtonBase-root-MuiIconButton-root"
                  href="https://github.com/marcoshssilva/docker-jenkins-agent"
                  tabindex="0"
                  target="_blank"
                >
                  <svg
                    aria-hidden="true"
                    class="MuiSvgIcon-root MuiSvgIcon-fontSizeMedium css-i4bv87-MuiSvgIcon-root"
                    data-testid="GitHubIcon"
                    focusable="false"
                    viewBox="0 0 24 24"
                  >
                    <path
                      d="M12 1.27a11 11 0 00-3.48 21.46c.55.09.73-.28.73-.55v-1.84c-3.03.64-3.67-1.46-3.67-1.46-.55-1.29-1.28-1.65-1.28-1.65-.92-.65.1-.65.1-.65 1.1 0 1.73 1.1 1.73 1.1.92 1.65 2.57 1.2 3.21.92a2 2 0 01.64-1.47c-2.47-.27-5.04-1.19-5.04-5.5 0-1.1.46-2.1 1.2-2.84a3.76 3.76 0 010-2.93s.91-.28 3.11 1.1c1.8-.49 3.7-.49 5.5 0 2.1-1.38 3.02-1.1 3.02-1.1a3.76 3.76 0 010 2.93c.83.74 1.2 1.74 1.2 2.94 0 4.21-2.57 5.13-5.04 5.4.45.37.82.92.82 2.02v3.03c0 .27.1.64.73.55A11 11 0 0012 1.27"
                    />
                  </svg>
                  <span
                    class="MuiTouchRipple-root css-8je8zh-MuiTouchRipple-root"
                  />
                </a>
              </div>
            </div>
          </div>
        </div>
      </div>
    </section>
    <section
      class="relative box-section background-aboutme MuiBox-root css-0"
      id="section-aboutme"
    >
      <div
        class="MuiContainer-root MuiContainer-maxWidthLg min-h-screen pt-[97px] css-1oqqzyl-MuiContainer-root"
      >
        <h2
          class="MuiTypography-root MuiTypography-h2 MuiTypography-alignLeft section-aboutme-title css-1266hwt-MuiTypography-root"
        >
          #Sobre Mim
        </h2>
        <div
          class="grid grid-cols-1 MuiBox-root css-0"
        >
          <h3
            class="MuiTypography-root MuiTypography-h3 MuiTypography-alignLeft section-aboutme-name css-15ysfh4-MuiTypography-root"
          >
            Marcos Henrique
          </h3>
        </div>
        <div
          class="grid grid-cols-12 MuiBox-root css-0"
        >
          <div
            class="col-span-12 lg:col-span-4 MuiBox-root css-0"
          >
            <h6
              class="MuiTypography-root MuiTypography-subtitle1 MuiTypography-alignLeft section-aboutme-name css-vtb4h8-MuiTypography-root"
            >
              Biografia
            </h6>
            <p
              class="MuiTypography-root MuiTypography-body1 MuiTypography-alignJustify css-1lswa50-MuiTypography-root"
            >
              Sou um profissional de Tecnologia da Informação com experiência no desenvolvimento de software para plataformas web, microserviços, cloud e mobile.
            </p>
            <p
              class="MuiTypography-root MuiTypography-body1 MuiTypography-alignJustify css-1lswa50-MuiTypography-root"
            >
              Minha trajetória combina atuação técnica e entrega de projetos alinhados às necessidades estratégicas dos negócios, utilizando práticas modernas e metodologias ágeis.
            </p>
            <p
              class="MuiTypography-root MuiTypography-body1 MuiTypography-alignJustify css-1lswa50-MuiTypography-root"
            >
              Mantenho-me atualizado com as tendências tecnológicas e me dedico a construir soluções que agreguem valor ao mercado.
            </p>
            <p
              class="MuiTypography-root MuiTypography-body1 MuiTypography-alignJustify css-1lswa50-MuiTypography-root"
            >
              Tenho compromisso profissional em consolidar meu perfil como um profissional versátil, preparado para desafios.
            </p>
          </div>
          <div
            class="col-span-12 md:col-span-6 lg:col-span-4 relative MuiBox-root css-0"
          >
            <div
              class="box-image translate-y-[-50%] translate-x-[-50%] lg:translate-x-[-35%] MuiBox-root css-0"
            >
              <div
                class="box-content MuiBox-root css-0"
              >
                <img
                  alt="profile-aboutme"
                  data-nimg="1"
                  decoding="async"
                  height="400"
                  loading="lazy"
                  src="/_next/image?url=https%3A%2F%2Fmedia.licdn.com%2Fdms%2Fimage%2Fv2%2FD4D03AQFY4E74og9D_A%2Fprofile-displayphoto-shrink_200_200%2Fprofile-displayphoto-shrink_200_200%2F0%2F1729111804471%3Fe%3D1737590400%26v%3Dbeta%26t%3DSRqmwMVPbna6ofw13EnvSdAsKpO_Z0D9ZmH0R33wpnM&w=256&q=75"
                  srcset="/_next/image?url=https%3A%2F%2Fmedia.licdn.com%2Fdms%2Fimage%2Fv2%2FD4D03AQFY4E74og9D_A%2Fprofile-displayphoto-shrink_200_200%2Fprofile-displayphoto-shrink_200_200%2F0%2F1729111804471%3Fe%3D1737590400%26v%3Dbeta%26t%3DSRqmwMVPbna6ofw13EnvSdAsKpO_Z0D9ZmH0R33wpnM&w=128&q=75 1x, /_next/image?url=https%3A%2F%2Fmedia.licdn.com%2Fdms%2Fimage%2Fv2%2FD4D03AQFY4E74og9D_A%2Fprofile-displayphoto-shrink_200_200%2Fprofile-displayphoto-shrink_200_200%2F0%2F1729111804471%3Fe%3D1737590400%26v%3Dbeta%26t%3DSRqmwMVPbna6ofw13EnvSdAsKpO_Z0D9ZmH0R33wpnM&w=256&q=75 2x"
                  style="color: transparent;"
                  width="100"
                />
                <span>
                  🤖
                </span>
                <p>
                  Marcos Henrique
                  <br />
                  <span>
                    Desenvolvedor Fullstack
                  </span>
                </p>
                <a
                  href="#"
                >
                  Contrate-me
                </a>
              </div>
            </div>
          </div>
          <div
            class="col-span-12 md:col-span-6 lg:col-span-4 flex flex-col MuiBox-root css-0"
          >
            <div
              class="MuiBox-root css-0"
            >
              <h6
                class="MuiTypography-root MuiTypography-subtitle1 MuiTypography-alignRight section-aboutme-name css-l7xayp-MuiTypography-root"
              >
                Tempo de experiência
              </h6>
              <p
                class="MuiTypography-root MuiTypography-body1 MuiTypography-alignRight css-1b6t5ww-MuiTypography-root"
              >
                5+
              </p>
            </div>
            <div
              class="MuiBox-root css-0"
            >
              <h6
                class="MuiTypography-root MuiTypography-subtitle1 MuiTypography-alignRight section-aboutme-name css-l7xayp-MuiTypography-root"
              >
                Habilidades
              </h6>
              <p
                class="MuiTypography-root MuiTypography-body1 MuiTypography-alignRight css-1yg7qsr-MuiTypography-root"
              >
                <ul
                  class=""
                >
                  <li
                    class="text-right"
                  >
                    Infraestrutura em Nuvem
                  </li>
                  <li
                    class=""
                  >
                    Desenvolvimento Fullstack
                  </li>
                  <li
                    class=""
                  >
                    Administração de Servidores
                  </li>
                  <li
                    class=""
                  >
                    DevOps e GitOps
                  </li>
                  <li
                    class=""
                  >
                    Metodologias Ageis
                  </li>
                </ul>
              </p>
            </div>
            <div
              class="MuiBox-root css-0"
            >
              <h6
                class="MuiTypography-root MuiTypography-subtitle1 MuiTypography-alignRight section-aboutme-name css-l7xayp-MuiTypography-root"
              >
                Redes sociais
              </h6>
              <p
                class="MuiTypography-root MuiTypography-body1 MuiTypography-alignRight css-1yg7qsr-MuiTypography-root"
              >
                <a
                  aria-label="linkedin"
                  class="MuiButtonBase-root MuiIconButton-root MuiIconButton-sizeMedium css-1drgtl0-MuiButtonBase-root-MuiIconButton-root"
                  href="https://www.linkedin.com/in/marcos-henrique-santana/"
                  tabindex="0"
                  target="_blank"
                >
                  <svg
                    aria-hidden="true"
                    class="MuiSvgIcon-root MuiSvgIcon-fontSizeMedium css-i4bv87-MuiSvgIcon-root"
                    data-testid="LinkedInIcon"
                    focusable="false"
                    viewBox="0 0 24 24"
                  >
                    <path
                      d="M19 3a2 2 0 0 1 2 2v14a2 2 0 0 1-2 2H5a2 2 0 0 1-2-2V5a2 2 0 0 1 2-2h14m-.5 15.5v-5.3a3.26 3.26 0 0 0-3.26-3.26c-.85 0-1.84.52-2.32 1.3v-1.11h-2.79v8.37h2.79v-4.93c0-.77.62-1.4 1.39-1.4a1.4 1.4 0 0 1 1.4 1.4v4.93h2.79M6.88 8.56a1.68 1.68 0 0 0 1.68-1.68c0-.93-.75-1.69-1.68-1.69a1.69 1.69 0 0 0-1.69 1.69c0 .93.76 1.68 1.69 1.68m1.39 9.94v-8.37H5.5v8.37h2.77z"
                    />
                  </svg>
                  <span
                    class="MuiTouchRipple-root css-8je8zh-MuiTouchRipple-root"
                  />
                </a>
                <a
                  aria-label="github"
                  class="MuiButtonBase-root MuiIconButton-root MuiIconButton-sizeMedium css-1drgtl0-MuiButtonBase-root-MuiIconButton-root"
                  href="https://github.com/marcoshssilva"
                  tabindex="0"
                  target="_blank"
                >
                  <svg
                    aria-hidden="true"
                    class="MuiSvgIcon-root MuiSvgIcon-fontSizeMedium css-i4bv87-MuiSvgIcon-root"
                    data-testid="GitHubIcon"
                    focusable="false"
                    viewBox="0 0 24 24"
                  >
                    <path
                      d="M12 1.27a11 11 0 00-3.48 21.46c.55.09.73-.28.73-.55v-1.84c-3.03.64-3.67-1.46-3.67-1.46-.55-1.29-1.28-1.65-1.28-1.65-.92-.65.1-.65.1-.65 1.1 0 1.73 1.1 1.73 1.1.92 1.65 2.57 1.2 3.21.92a2 2 0 01.64-1.47c-2.47-.27-5.04-1.19-5.04-5.5 0-1.1.46-2.1 1.2-2.84a3.76 3.76 0 010-2.93s.91-.28 3.11 1.1c1.8-.49 3.7-.49 5.5 0 2.1-1.38 3.02-1.1 3.02-1.1a3.76 3.76 0 010 2.93c.83.74 1.2 1.74 1.2 2.94 0 4.21-2.57 5.13-5.04 5.4.45.37.82.92.82 2.02v3.03c0 .27.1.64.73.55A11 11 0 0012 1.27"
                    />
                  </svg>
                  <span
                    class="MuiTouchRipple-root css-8je8zh-MuiTouchRipple-root"
                  />
                </a>
              </p>
            </div>
          </div>
        </div>
      </div>
    </section>
  </article>
</div>
`;
